T 0 1000 IRRIGATE 0.4709 HOLD False calls 1 [False] 211.63
P 0 2000 IRRIGATE 0.4708994708994709 HOLD False calls 1 [True] 17.12
R 0 4000 IRRIGATE 0.47 HOLD False calls 1 [True] 9.64
F 0 3000 IRRIGATE 0.4708994708994709 HOLD False calls 1 [False] 30.9
T 1 1001 IRRIGATE 0.4708994708994709 HOLD False calls 1 [False] 76.27
P 1 2001 HOLD 0.4708994708994709 HOLD True calls 1 [True] 36.54
R 1 4001 DECLINE 0.47 HOLD False calls 1 [True] 16.28
F 1 3001 IRRIGATE 0.4708994708994709 HOLD False calls 1 [False] 17.04
T 2 1002 IRRIGATE 0.4708994708994709 HOLD False calls 1 [False] 41.31
P 2 2002 HOLD 0.4708994708994709 HOLD True calls 1 [True] 17.16
R 2 4002 IRRIGATE 0.47 HOLD False calls 1 [True] 25.71
F 2 3002 IRRIGATE 0.4708994708994709 HOLD False calls 1 [False] 20.8
T 3 1003 IRRIGATE 0.4708994708994709 HOLD False calls 1 [False] 19.56
P 3 2003 IRRIGATE 0.4708994708994709 HOLD False calls 1 [True] 16.02
R 3 4003 DECLINE 0.47 HOLD False calls 1 [True] 12.69
F 3 3003 IRRIGATE 0.4708994708994709 HOLD False calls 1 [False] 17.81
T 4 1004 IRRIGATE 0.4708994708994709 HOLD False calls 1 [False] 20.57
P 4 2004 IRRIGATE 0.4708994708994709 HOLD False calls 1 [True] 19.52
R 4 4004 DECLINE 0.47 HOLD False calls 1 [True] 11.68
F 4 3004 IRRIGATE 0.4708994708994709 HOLD False calls 1 [False] 19.49
T 5 1005 IRRIGATE 0.4708994708994709 HOLD False calls 1 [False] 19.5
P 5 2005 HOLD 0.4708994708994709 HOLD True calls 1 [True] 22.14
R 5 4005 IRRIGATE 0.47 HOLD False calls 1 [True] 16.77
T 6 1006 IRRIGATE 0.4708994708994709 HOLD False calls 1 [False] 16.06
P 6 2006 HOLD 0.4708994708994709 HOLD True calls 1 [True] 17.51
R 6 4006 HOLD 0.47 HOLD True calls 1 [True] 12.52
T 7 1007 IRRIGATE 0.4708994708994709 HOLD False calls 1 [False] 20.95
P 7 2007 HOLD 0.4708994708994709 HOLD True calls 1 [True] 22.28
R 7 4007 HOLD 0.47 HOLD True calls 1 [True] 12.45
T 8 1008 IRRIGATE 0.4708994708994709 HOLD False calls 1 [False] 19.62
P 8 2008 IRRIGATE 0.4708994708994709 HOLD False calls 1 [True] 19.95
R 8 4008 IRRIGATE 0.47 HOLD False calls 1 [True] 14.93
T 9 1009 IRRIGATE 0.4709 HOLD False calls 1 [False] 26.63
P 9 2009 IRRIGATE 0.4708994708994709 HOLD False calls 1 [True] 16.5
R 9 4009 DECLINE 0.4705 HOLD False calls 1 [True] 14.87
T 10 1010 IRRIGATE 0.4708994708994709 HOLD False calls 1 [False] 24.79
P 10 2010 HOLD 0.4708994708994709 HOLD True calls 1 [True] 17.31
T 11 1011 IRRIGATE 0.4708994708994709 HOLD False calls 1 [False] 16.15
P 11 2011 HOLD 0.4708994708994709 HOLD True calls 1 [True] 16.86
T 12 1012 IRRIGATE 0.4708994708994709 HOLD False calls 1 [False] 19.83
P 12 2012 HOLD 0.4708994708994709 HOLD True calls 1 [True] 15.31
T 13 1013 IRRIGATE 0.4708994708994709 HOLD False calls 1 [False] 20.86
P 13 2013 HOLD 0.4708994708994709 HOLD True calls 1 [True] 19.13
T 14 1014 IRRIGATE 0.4708994708994709 HOLD False calls 1 [False] 21.57
P 14 2014 IRRIGATE 0.4708994708994709 HOLD False calls 1 [True] 25.65
T 15 1015 IRRIGATE 0.4708994708994709 HOLD False calls 1 [False] 19.88
P 15 2015 IRRIGATE 0.4708994708994709 HOLD False calls 1 [True] 20.22
T 16 1016 IRRIGATE 0.4708994708994709 HOLD False calls 1 [False] 21.41
P 16 2016 IRRIGATE 0.4708994708994709 HOLD False calls 1 [True] 19.51
T 17 1017 IRRIGATE 0.4708994708994709 HOLD False calls 1 [False] 20.44
P 17 2017 HOLD 0.4708994708994709 HOLD True calls 1 [True] 16.18
T 18 1018 IRRIGATE 0.4708994708994709 HOLD False calls 1 [False] 19.69
